// Jest Snapshot v1, https://goo.gl/fbAQLP

exports[`should render login page properly 1`] = `
<div
  className="box-layout"
>
  <div
    className="box-layout__box"
  >
    <h1
      className="box-layout__title"
    >
      Boilerplate React App
    </h1>
    <p>
      Tagline for App
    </p>
    <button
      className="login-button"
    >
      Login with Google
    </button>
  </div>
</div>
`;
